// Jest Snapshot v1, https://goo.gl/fbAQLP

exports[`customerCreatedEvent > generateKlaviyoEvent should generate the klaviyo event when the input customer created event is valid 1`] = `
{
  "data": {
    "attributes": {
      "email": "rob.smith@e2x.com",
      "external_id": "2925dd3a-5417-4b51-a76c-d6721472531f",
      "first_name": "Roberto",
      "last_name": "Smith",
      "location": {
        "address1": "C, Tall Tower, 23, High Road",
        "address2": "private access, additional address info",
        "city": "London",
        "country": "UK",
        "region": "aRegion",
        "zip": "WE1 2DP",
      },
      "organization": "Klaviyo",
      "phone_number": "+44 0128472834",
      "title": "Mr",
    },
    "type": "profile",
  },
}
`;
